[debug] [2026-04-07T20:18:49.567Z] ----------------------------------------------------------------------
[debug] [2026-04-07T20:18:49.570Z] Command:       C:\Program Files\nodejs\node.exe C:\Users\pc\AppData\Roaming\npm\node_modules\firebase-tools\lib\bin\firebase.js apphosting:secrets:set FIREBASE_PRIVATE_KEY
[debug] [2026-04-07T20:18:49.570Z] CLI Version:   15.13.0
[debug] [2026-04-07T20:18:49.570Z] Platform:      win32
[debug] [2026-04-07T20:18:49.570Z] Node Version:  v22.14.0
[debug] [2026-04-07T20:18:49.571Z] Time:          Tue Apr 07 2026 22:18:49 GMT+0200 (hora de verano de Europa central)
[debug] [2026-04-07T20:18:49.571Z] ----------------------------------------------------------------------
[debug] 
[debug] [2026-04-07T20:18:49.859Z] > command requires scopes: ["email","openid","https://www.googleapis.com/auth/cloudplatformprojects.readonly","https://www.googleapis.com/auth/firebase","https://www.googleapis.com/auth/cloud-platform"]
[debug] [2026-04-07T20:18:49.859Z] > authorizing via signed-in user (teributu.oficial@gmail.com)
[debug] [2026-04-07T20:18:49.860Z] > command requires scopes: ["email","openid","https://www.googleapis.com/auth/cloudplatformprojects.readonly","https://www.googleapis.com/auth/firebase","https://www.googleapis.com/auth/cloud-platform"]
[debug] [2026-04-07T20:18:49.860Z] > authorizing via signed-in user (teributu.oficial@gmail.com)
[debug] [2026-04-07T20:18:49.861Z] [iam] checking project socialflow-2026 for permissions ["firebase.projects.get","secretmanager.secrets.create","secretmanager.secrets.get","secretmanager.secrets.getIamPolicy","secretmanager.secrets.setIamPolicy","secretmanager.secrets.update","secretmanager.versions.add"]
[debug] [2026-04-07T20:18:49.862Z] Checked if tokens are valid: false, expires at: 1775593327587
[debug] [2026-04-07T20:18:49.862Z] Checked if tokens are valid: false, expires at: 1775593327587
[debug] [2026-04-07T20:18:49.862Z] > refreshing access token with scopes: []
[debug] [2026-04-07T20:18:49.864Z] >>> [apiv2][query] POST https://www.googleapis.com/oauth2/v3/token [none]
[debug] [2026-04-07T20:18:49.865Z] >>> [apiv2][body] POST https://www.googleapis.com/oauth2/v3/token [omitted]
[debug] [2026-04-07T20:18:50.057Z] <<< [apiv2][status] POST https://www.googleapis.com/oauth2/v3/token 200
[debug] [2026-04-07T20:18:50.057Z] <<< [apiv2][body] POST https://www.googleapis.com/oauth2/v3/token [omitted]
[debug] [2026-04-07T20:18:50.068Z] >>> [apiv2][query] POST https://cloudresourcemanager.googleapis.com/v1/projects/socialflow-2026:testIamPermissions [none]
[debug] [2026-04-07T20:18:50.068Z] >>> [apiv2][(partial)header] POST https://cloudresourcemanager.googleapis.com/v1/projects/socialflow-2026:testIamPermissions  x-goog-user-project=socialflow-2026
[debug] [2026-04-07T20:18:50.068Z] >>> [apiv2][body] POST https://cloudresourcemanager.googleapis.com/v1/projects/socialflow-2026:testIamPermissions {"permissions":["firebase.projects.get","secretmanager.secrets.create","secretmanager.secrets.get","secretmanager.secrets.getIamPolicy","secretmanager.secrets.setIamPolicy","secretmanager.secrets.update","secretmanager.versions.add"]}
[debug] [2026-04-07T20:18:50.794Z] <<< [apiv2][status] POST https://cloudresourcemanager.googleapis.com/v1/projects/socialflow-2026:testIamPermissions 200
[debug] [2026-04-07T20:18:50.794Z] <<< [apiv2][body] POST https://cloudresourcemanager.googleapis.com/v1/projects/socialflow-2026:testIamPermissions {"permissions":["firebase.projects.get","secretmanager.secrets.create","secretmanager.secrets.get","secretmanager.secrets.getIamPolicy","secretmanager.secrets.setIamPolicy","secretmanager.secrets.update","secretmanager.versions.add"]}
[debug] [2026-04-07T20:18:50.795Z] Checked if tokens are valid: true, expires at: 1775596729057
[debug] [2026-04-07T20:18:50.795Z] Checked if tokens are valid: true, expires at: 1775596729057
[debug] [2026-04-07T20:18:50.795Z] >>> [apiv2][query] GET https://serviceusage.googleapis.com/v1/projects/socialflow-2026/services/cloudresourcemanager.googleapis.com [none]
[debug] [2026-04-07T20:18:50.795Z] >>> [apiv2][(partial)header] GET https://serviceusage.googleapis.com/v1/projects/socialflow-2026/services/cloudresourcemanager.googleapis.com  x-goog-user-project=socialflow-2026
[debug] [2026-04-07T20:18:51.714Z] <<< [apiv2][status] GET https://serviceusage.googleapis.com/v1/projects/socialflow-2026/services/cloudresourcemanager.googleapis.com 200
[debug] [2026-04-07T20:18:51.714Z] <<< [apiv2][body] GET https://serviceusage.googleapis.com/v1/projects/socialflow-2026/services/cloudresourcemanager.googleapis.com [omitted]
[debug] [2026-04-07T20:18:51.719Z] Checked if tokens are valid: true, expires at: 1775596729057
[debug] [2026-04-07T20:18:51.719Z] Checked if tokens are valid: true, expires at: 1775596729057
[debug] [2026-04-07T20:18:51.719Z] >>> [apiv2][query] GET https://cloudresourcemanager.googleapis.com/v1/projects/socialflow-2026 [none]
[debug] [2026-04-07T20:18:51.897Z] <<< [apiv2][status] GET https://cloudresourcemanager.googleapis.com/v1/projects/socialflow-2026 200
[debug] [2026-04-07T20:18:51.897Z] <<< [apiv2][body] GET https://cloudresourcemanager.googleapis.com/v1/projects/socialflow-2026 {"projectNumber":"767649161029","projectId":"socialflow-2026","lifecycleState":"ACTIVE","name":"socialflow","labels":{"firebase":"enabled","firebase-core":"disabled"},"createTime":"2026-02-04T11:03:39.456171Z"}
[debug] [2026-04-07T20:18:51.898Z] Checked if tokens are valid: true, expires at: 1775596729057
[debug] [2026-04-07T20:18:51.898Z] Checked if tokens are valid: true, expires at: 1775596729057
[debug] [2026-04-07T20:18:51.898Z] >>> [apiv2][query] GET https://secretmanager.googleapis.com/v1/projects/socialflow-2026/secrets/FIREBASE_PRIVATE_KEY [none]
[debug] [2026-04-07T20:18:52.263Z] <<< [apiv2][status] GET https://secretmanager.googleapis.com/v1/projects/socialflow-2026/secrets/FIREBASE_PRIVATE_KEY 404
[debug] [2026-04-07T20:18:52.263Z] <<< [apiv2][body] GET https://secretmanager.googleapis.com/v1/projects/socialflow-2026/secrets/FIREBASE_PRIVATE_KEY {"error":{"code":404,"message":"Secret [projects/767649161029/secrets/FIREBASE_PRIVATE_KEY] not found.","status":"NOT_FOUND"}}
[debug] [2026-04-07T20:18:52.265Z] Checked if tokens are valid: true, expires at: 1775596729057
[debug] [2026-04-07T20:18:52.265Z] Checked if tokens are valid: true, expires at: 1775596729057
[debug] [2026-04-07T20:18:52.265Z] >>> [apiv2][query] POST https://secretmanager.googleapis.com/v1/projects/socialflow-2026/secrets secretId=FIREBASE_PRIVATE_KEY
[debug] [2026-04-07T20:18:52.265Z] >>> [apiv2][body] POST https://secretmanager.googleapis.com/v1/projects/socialflow-2026/secrets {"name":"FIREBASE_PRIVATE_KEY","replication":{"automatic":{}},"labels":{"firebase-managed":"apphosting"}}
[debug] [2026-04-07T20:18:53.385Z] <<< [apiv2][status] POST https://secretmanager.googleapis.com/v1/projects/socialflow-2026/secrets 200
[debug] [2026-04-07T20:18:53.385Z] <<< [apiv2][body] POST https://secretmanager.googleapis.com/v1/projects/socialflow-2026/secrets {"name":"projects/767649161029/secrets/FIREBASE_PRIVATE_KEY","replication":{"automatic":{}},"createTime":"2026-04-07T20:18:53.545789Z","labels":{"firebase-managed":"apphosting"},"etag":"\"164ee47e0c611c\""}
[info] +  Created new secret projects/socialflow-2026/secrets/FIREBASE_PRIVATE_KEY 
